sething2002@MSI:~/TODO$ sudo apt update && sudo apt upgrade -y

[sudo] password for sething2002: 
Get:1 file:/var/cuda-repo-wsl-ubuntu-13-0-local  InRelease [1572 B]
Get:1 file:/var/cuda-repo-wsl-ubuntu-13-0-local  InRelease [1572 B]
Hit:2 https://deb.nodesource.com/node_20.x nodistro InRelease                                 
Hit:3 http://security.ubuntu.com/ubuntu jammy-security InRelease                              
Hit:4 http://archive.ubuntu.com/ubuntu jammy InRelease                                  
Hit:5 http://archive.ubuntu.com/ubuntu jammy-updates InRelease                   
Hit:6 https://ppa.launchpadcontent.net/graphics-drivers/ppa/ubuntu jammy InRelease
Hit:7 http://archive.ubuntu.com/ubuntu jammy-backports InRelease
Hit:8 https://ppa.launchpadcontent.net/jonathonf/vim/ubuntu jammy InRelease
Hit:9 https://ppa.launchpadcontent.net/neovim-ppa/stable/ubuntu jammy InRelease
Reading package lists... Done
Building dependency tree... Done
Reading state information... Done
36 packages can be upgraded. Run 'apt list --upgradable' to see them.
Reading package lists... Done
Building dependency tree... Done
Reading state information... Done
Calculating upgrade... Done
Get more security updates through Ubuntu Pro with 'esm-apps' enabled:
  exo-utils libzvbi-common libqt5core5a libzbar0 qt5-gtk-platformtheme
  libheif1 imagemagick libjs-jquery-ui libpathplan4 liblua5.4-0
  libapache2-mod-svn graphviz libqt5network5 libavdevice58 libgvpr2 libgvc6
  ffmpeg libqt5dbus5 libopenexr25 libqt5widgets5 libpostproc55 libcgraph6
  libmagickcore-6.q16-6-extra libqt5gui5 libsoup-3.0-0 libcdt5
  libqt5printsupport5 libsvn1 libavcodec58 libgstreamer-plugins-bad1.0-0
  libmagickwand-6.q16-6 libavutil56 gnuplot-data gnuplot-qt gnuplot
  imagemagick-6.q16 libswscale5 xrdp libmagickcore-6.q16-6 libexo-2-0
  liblab-gamut1 libswresample3 imagemagick-6-common libsoup-3.0-common
  libsvn-dev libavformat58 libzvbi0 gstreamer1.0-plugins-bad libpmix-dev
  git-lfs libde265-0 libpmix2 subversion libexo-common libavfilter7
Learn more about Ubuntu Pro at https://ubuntu.com/pro
The following NEW packages will be installed:
  cloud-guest-utils cloud-init eatmydata libeatmydata1 python-babel-localedata python3-attr
  python3-babel python3-certifi python3-chardet python3-configobj python3-debconf
  python3-idna python3-jinja2 python3-json-pointer python3-jsonpatch python3-jsonschema
  python3-markupsafe python3-pyrsistent python3-requests python3-serial python3-tz
The following packages will be upgraded:
  apparmor apt apt-transport-https apt-utils avahi-daemon dconf-gsettings-backend
  dconf-service distro-info-data libapparmor1 libapt-pkg6.0 libavahi-client3
  libavahi-common-data libavahi-common3 libavahi-core7 libavahi-glib1 libdconf1 libnm0
  libnss-systemd libpam-systemd libsystemd0 libudev1 nodejs powermgmt-base
  python3-update-manager snapd systemd systemd-hwe-hwdb systemd-sysv systemd-timesyncd
  ubuntu-advantage-tools ubuntu-pro-client ubuntu-pro-client-l10n udev update-manager-core
  wsl-setup xrdp
36 upgraded, 21 newly installed, 0 to remove and 0 not upgraded.
2 not fully installed or removed.
Need to get 82.4 MB of archives.
After this operation, 45.0 MB of additional disk space will be used.
Get:1 https://deb.nodesource.com/node_20.x nodistro/main amd64 nodejs amd64 20.19.6-1nodesource1 [32.0 MB]
Get:2 http://archive.ubuntu.com/ubuntu jammy-updates/main amd64 libnss-systemd amd64 249.11-0ubuntu3.17 [133 kB]
Get:3 http://archive.ubuntu.com/ubuntu jammy-updates/main amd64 libsystemd0 amd64 249.11-0ubuntu3.17 [317 kB]
Get:4 http://archive.ubuntu.com/ubuntu jammy-updates/main amd64 systemd-timesyncd amd64 249.11-0ubuntu3.17 [31.2 kB]
Get:5 http://archive.ubuntu.com/ubuntu jammy-updates/main amd64 systemd-sysv amd64 249.11-0ubuntu3.17 [10.5 kB]
Get:6 http://archive.ubuntu.com/ubuntu jammy-updates/main amd64 libpam-systemd amd64 249.11-0ubuntu3.17 [203 kB]
Get:7 http://archive.ubuntu.com/ubuntu jammy-updates/main amd64 systemd amd64 249.11-0ubuntu3.17 [4583 kB]
Get:8 http://archive.ubuntu.com/ubuntu jammy-updates/main amd64 udev amd64 249.11-0ubuntu3.17 [1557 kB]
Get:9 http://archive.ubuntu.com/ubuntu jammy-updates/main amd64 libudev1 amd64 249.11-0ubuntu3.17 [76.7 kB]
Get:10 http://archive.ubuntu.com/ubuntu jammy-updates/main amd64 libapparmor1 amd64 3.0.4-2ubuntu2.5 [39.6 kB]
Get:11 http://archive.ubuntu.com/ubuntu jammy-updates/main amd64 libapt-pkg6.0 amd64 2.4.14 [912 kB]
Get:12 http://archive.ubuntu.com/ubuntu jammy-updates/main amd64 apt amd64 2.4.14 [1363 kB]
Get:13 http://archive.ubuntu.com/ubuntu jammy-updates/main amd64 apt-utils amd64 2.4.14 [211 kB]
Get:14 http://archive.ubuntu.com/ubuntu jammy-updates/main amd64 libavahi-glib1 amd64 0.8-5ubuntu5.3 [8304 B]
Get:15 http://archive.ubuntu.com/ubuntu jammy-updates/main amd64 avahi-daemon amd64 0.8-5ubuntu5.3 [69.7 kB]
Get:16 http://archive.ubuntu.com/ubuntu jammy-updates/main amd64 libavahi-core7 amd64 0.8-5ubuntu5.3 [90.8 kB]
Get:17 http://archive.ubuntu.com/ubuntu jammy-updates/main amd64 libavahi-client3 amd64 0.8-5ubuntu5.3 [28.1 kB]
Get:18 http://archive.ubuntu.com/ubuntu jammy-updates/main amd64 libavahi-common3 amd64 0.8-5ubuntu5.3 [23.9 kB]
Get:19 http://archive.ubuntu.com/ubuntu jammy-updates/main amd64 libavahi-common-data amd64 0.8-5ubuntu5.3 [23.9 kB]
Get:20 http://archive.ubuntu.com/ubuntu jammy-updates/universe amd64 xrdp amd64 0.9.17-2ubuntu3 [517 kB]
Get:21 http://archive.ubuntu.com/ubuntu jammy-updates/main amd64 distro-info-data all 0.52ubuntu0.11 [5444 B]
Get:22 http://archive.ubuntu.com/ubuntu jammy-updates/main amd64 ubuntu-pro-client-l10n amd64 37.1ubuntu0~22.04 [20.7 kB]
Get:23 http://archive.ubuntu.com/ubuntu jammy-updates/main amd64 ubuntu-pro-client amd64 37.1ubuntu0~22.04 [238 kB]
Get:24 http://archive.ubuntu.com/ubuntu jammy-updates/main amd64 ubuntu-advantage-tools all 37.1ubuntu0~22.04 [10.9 kB]
Get:25 http://archive.ubuntu.com/ubuntu jammy-updates/main amd64 apparmor amd64 3.0.4-2ubuntu2.5 [599 kB]
Get:26 http://archive.ubuntu.com/ubuntu jammy-updates/main amd64 powermgmt-base all 1.36ubuntu0.22.04.1 [7736 B]
Get:27 http://archive.ubuntu.com/ubuntu jammy-updates/main amd64 python3-update-manager all 1:22.04.22 [39.2 kB]
Get:28 http://archive.ubuntu.com/ubuntu jammy-updates/main amd64 update-manager-core all 1:22.04.22 [11.6 kB]
Get:29 http://archive.ubuntu.com/ubuntu jammy-updates/universe amd64 apt-transport-https all 2.4.14 [1510 B]
Get:30 http://archive.ubuntu.com/ubuntu jammy-updates/main amd64 dconf-service amd64 0.40.0-3ubuntu0.1 [28.1 kB]
Get:31 http://archive.ubuntu.com/ubuntu jammy-updates/main amd64 dconf-gsettings-backend amd64 0.40.0-3ubuntu0.1 [22.7 kB]
Get:32 http://archive.ubuntu.com/ubuntu jammy-updates/main amd64 libdconf1 amd64 0.40.0-3ubuntu0.1 [40.5 kB]
Get:33 http://archive.ubuntu.com/ubuntu jammy/main amd64 libeatmydata1 amd64 130-2build1 [7498 B]
Get:34 http://archive.ubuntu.com/ubuntu jammy/main amd64 eatmydata all 130-2build1 [5584 B]
Get:35 http://archive.ubuntu.com/ubuntu jammy-updates/main amd64 libnm0 amd64 1.36.6-0ubuntu2.2 [457 kB]
Get:36 http://archive.ubuntu.com/ubuntu jammy/main amd64 python-babel-localedata all 2.8.0+dfsg.1-7 [4982 kB]
Get:37 http://archive.ubuntu.com/ubuntu jammy-updates/main amd64 python3-attr all 21.2.0-1ubuntu1 [43.9 kB]
Get:38 http://archive.ubuntu.com/ubuntu jammy-updates/main amd64 python3-tz all 2022.1-1ubuntu0.22.04.1 [30.7 kB]
Get:39 http://archive.ubuntu.com/ubuntu jammy/main amd64 python3-babel all 2.8.0+dfsg.1-7 [85.1 kB]
Get:40 http://archive.ubuntu.com/ubuntu jammy/main amd64 python3-certifi all 2020.6.20-1 [150 kB]
Get:41 http://archive.ubuntu.com/ubuntu jammy/main amd64 python3-chardet all 4.0.0-1 [98.0 kB]
Get:42 http://archive.ubuntu.com/ubuntu jammy-updates/main amd64 python3-configobj all 5.0.6-5ubuntu0.1 [34.9 kB]
Get:43 http://archive.ubuntu.com/ubuntu jammy/main amd64 python3-debconf all 1.5.79ubuntu1 [3914 B]
Get:44 http://archive.ubuntu.com/ubuntu jammy-updates/main amd64 python3-idna all 3.3-1ubuntu0.1 [52.1 kB]
Get:45 http://archive.ubuntu.com/ubuntu jammy/main amd64 python3-markupsafe amd64 2.0.1-2build1 [12.7 kB]
Get:46 http://archive.ubuntu.com/ubuntu jammy-updates/main amd64 python3-jinja2 all 3.0.3-1ubuntu0.4 [108 kB]
Get:47 http://archive.ubuntu.com/ubuntu jammy/main amd64 python3-json-pointer all 2.0-0ubuntu1 [8320 B]
Get:48 http://archive.ubuntu.com/ubuntu jammy/main amd64 python3-jsonpatch all 1.32-2 [12.7 kB]
Get:49 http://archive.ubuntu.com/ubuntu jammy/main amd64 python3-pyrsistent amd64 0.18.1-1build1 [55.5 kB]
Get:50 http://archive.ubuntu.com/ubuntu jammy/main amd64 python3-jsonschema all 3.2.0-0ubuntu2 [43.1 kB]
Get:51 http://archive.ubuntu.com/ubuntu jammy-updates/main amd64 python3-requests all 2.25.1+dfsg-2ubuntu0.3 [48.8 kB]
Get:52 http://archive.ubuntu.com/ubuntu jammy/main amd64 python3-serial all 3.5-1 [78.7 kB]   
Get:53 http://archive.ubuntu.com/ubuntu jammy-updates/main amd64 snapd amd64 2.73+ubuntu22.04 [32.3 MB]
Get:54 http://archive.ubuntu.com/ubuntu jammy-updates/main amd64 systemd-hwe-hwdb all 249.11.6 [3668 B]
Get:55 http://archive.ubuntu.com/ubuntu jammy/main amd64 cloud-guest-utils all 0.32-22-g45fe84a5-0ubuntu1 [18.5 kB]
Get:56 http://archive.ubuntu.com/ubuntu jammy-updates/main amd64 cloud-init all 25.2-0ubuntu1~22.04.1 [586 kB]
Get:57 http://archive.ubuntu.com/ubuntu jammy-updates/main amd64 wsl-setup amd64 0.5.8~22.04.1 [20.4 kB]
Fetched 82.4 MB in 9s (9287 kB/s)                                                             
Extracting templates from packages: 100%
Preconfiguring packages ...
(Reading database ... 172182 files and directories currently installed.)
Preparing to unpack .../libnss-systemd_249.11-0ubuntu3.17_amd64.deb ...
Unpacking libnss-systemd:amd64 (249.11-0ubuntu3.17) over (249.11-0ubuntu3.16) ...
Preparing to unpack .../libsystemd0_249.11-0ubuntu3.17_amd64.deb ...
Unpacking libsystemd0:amd64 (249.11-0ubuntu3.17) over (249.11-0ubuntu3.16) ...
Setting up libsystemd0:amd64 (249.11-0ubuntu3.17) ...
(Reading database ... 172182 files and directories currently installed.)
Preparing to unpack .../0-systemd-timesyncd_249.11-0ubuntu3.17_amd64.deb ...
Unpacking systemd-timesyncd (249.11-0ubuntu3.17) over (249.11-0ubuntu3.16) ...
Preparing to unpack .../1-systemd-sysv_249.11-0ubuntu3.17_amd64.deb ...
Unpacking systemd-sysv (249.11-0ubuntu3.17) over (249.11-0ubuntu3.16) ...
Preparing to unpack .../2-libpam-systemd_249.11-0ubuntu3.17_amd64.deb ...
Unpacking libpam-systemd:amd64 (249.11-0ubuntu3.17) over (249.11-0ubuntu3.16) ...
Preparing to unpack .../3-systemd_249.11-0ubuntu3.17_amd64.deb ...
Unpacking systemd (249.11-0ubuntu3.17) over (249.11-0ubuntu3.16) ...
Preparing to unpack .../4-udev_249.11-0ubuntu3.17_amd64.deb ...
Unpacking udev (249.11-0ubuntu3.17) over (249.11-0ubuntu3.16) ...
Preparing to unpack .../5-libudev1_249.11-0ubuntu3.17_amd64.deb ...
Unpacking libudev1:amd64 (249.11-0ubuntu3.17) over (249.11-0ubuntu3.16) ...
Setting up libudev1:amd64 (249.11-0ubuntu3.17) ...
(Reading database ... 172182 files and directories currently installed.)
Preparing to unpack .../libapparmor1_3.0.4-2ubuntu2.5_amd64.deb ...
Unpacking libapparmor1:amd64 (3.0.4-2ubuntu2.5) over (3.0.4-2ubuntu2.4) ...
Preparing to unpack .../libapt-pkg6.0_2.4.14_amd64.deb ...
Unpacking libapt-pkg6.0:amd64 (2.4.14) over (2.4.13) ...
Setting up libapt-pkg6.0:amd64 (2.4.14) ...
(Reading database ... 172182 files and directories currently installed.)
Preparing to unpack .../archives/apt_2.4.14_amd64.deb ...
Unpacking apt (2.4.14) over (2.4.13) ...
Setting up apt (2.4.14) ...
(Reading database ... 172182 files and directories currently installed.)
Preparing to unpack .../00-apt-utils_2.4.14_amd64.deb ...
Unpacking apt-utils (2.4.14) over (2.4.13) ...
Preparing to unpack .../01-libavahi-glib1_0.8-5ubuntu5.3_amd64.deb ...
Unpacking libavahi-glib1:amd64 (0.8-5ubuntu5.3) over (0.8-5ubuntu5.2) ...
Preparing to unpack .../02-avahi-daemon_0.8-5ubuntu5.3_amd64.deb ...
Unpacking avahi-daemon (0.8-5ubuntu5.3) over (0.8-5ubuntu5.2) ...
Preparing to unpack .../03-libavahi-core7_0.8-5ubuntu5.3_amd64.deb ...
Unpacking libavahi-core7:amd64 (0.8-5ubuntu5.3) over (0.8-5ubuntu5.2) ...
Preparing to unpack .../04-libavahi-client3_0.8-5ubuntu5.3_amd64.deb ...
Unpacking libavahi-client3:amd64 (0.8-5ubuntu5.3) over (0.8-5ubuntu5.2) ...
Preparing to unpack .../05-libavahi-common3_0.8-5ubuntu5.3_amd64.deb ...
Unpacking libavahi-common3:amd64 (0.8-5ubuntu5.3) over (0.8-5ubuntu5.2) ...
Preparing to unpack .../06-libavahi-common-data_0.8-5ubuntu5.3_amd64.deb ...
Unpacking libavahi-common-data:amd64 (0.8-5ubuntu5.3) over (0.8-5ubuntu5.2) ...
Preparing to unpack .../07-xrdp_0.9.17-2ubuntu3_amd64.deb ...
Unpacking xrdp (0.9.17-2ubuntu3) over (0.9.17-2ubuntu2) ...
Preparing to unpack .../08-distro-info-data_0.52ubuntu0.11_all.deb ...
Unpacking distro-info-data (0.52ubuntu0.11) over (0.52ubuntu0.9) ...
Preparing to unpack .../09-ubuntu-pro-client-l10n_37.1ubuntu0~22.04_amd64.deb ...
Unpacking ubuntu-pro-client-l10n (37.1ubuntu0~22.04) over (35.1ubuntu0~22.04) ...
Preparing to unpack .../10-ubuntu-pro-client_37.1ubuntu0~22.04_amd64.deb ...
Unpacking ubuntu-pro-client (37.1ubuntu0~22.04) over (35.1ubuntu0~22.04) ...
Preparing to unpack .../11-ubuntu-advantage-tools_37.1ubuntu0~22.04_all.deb ...
Unpacking ubuntu-advantage-tools (37.1ubuntu0~22.04) over (35.1ubuntu0~22.04) ...
Preparing to unpack .../12-apparmor_3.0.4-2ubuntu2.5_amd64.deb ...
Unpacking apparmor (3.0.4-2ubuntu2.5) over (3.0.4-2ubuntu2.4) ...
Preparing to unpack .../13-powermgmt-base_1.36ubuntu0.22.04.1_all.deb ...
Unpacking powermgmt-base (1.36ubuntu0.22.04.1) over (1.36) ...
Preparing to unpack .../14-python3-update-manager_1%3a22.04.22_all.deb ...
Unpacking python3-update-manager (1:22.04.22) over (1:22.04.21) ...
Preparing to unpack .../15-update-manager-core_1%3a22.04.22_all.deb ...
Unpacking update-manager-core (1:22.04.22) over (1:22.04.21) ...
Preparing to unpack .../16-apt-transport-https_2.4.14_all.deb ...
Unpacking apt-transport-https (2.4.14) over (2.4.13) ...
Preparing to unpack .../17-dconf-service_0.40.0-3ubuntu0.1_amd64.deb ...
Unpacking dconf-service (0.40.0-3ubuntu0.1) over (0.40.0-3) ...
Preparing to unpack .../18-dconf-gsettings-backend_0.40.0-3ubuntu0.1_amd64.deb ...
Unpacking dconf-gsettings-backend:amd64 (0.40.0-3ubuntu0.1) over (0.40.0-3) ...
Preparing to unpack .../19-libdconf1_0.40.0-3ubuntu0.1_amd64.deb ...
Unpacking libdconf1:amd64 (0.40.0-3ubuntu0.1) over (0.40.0-3) ...
Selecting previously unselected package libeatmydata1:amd64.
Preparing to unpack .../20-libeatmydata1_130-2build1_amd64.deb ...
Unpacking libeatmydata1:amd64 (130-2build1) ...
Selecting previously unselected package eatmydata.
Preparing to unpack .../21-eatmydata_130-2build1_all.deb ...
Unpacking eatmydata (130-2build1) ...
Preparing to unpack .../22-libnm0_1.36.6-0ubuntu2.2_amd64.deb ...
Unpacking libnm0:amd64 (1.36.6-0ubuntu2.2) over (1.36.6-0ubuntu2.1) ...
Preparing to unpack .../23-nodejs_20.19.6-1nodesource1_amd64.deb ...
Detected old npm client, removing...
Unpacking nodejs (20.19.6-1nodesource1) over (20.19.2-1nodesource1) ...
Selecting previously unselected package python-babel-localedata.
Preparing to unpack .../24-python-babel-localedata_2.8.0+dfsg.1-7_all.deb ...
Unpacking python-babel-localedata (2.8.0+dfsg.1-7) ...
Selecting previously unselected package python3-attr.
Preparing to unpack .../25-python3-attr_21.2.0-1ubuntu1_all.deb ...
Unpacking python3-attr (21.2.0-1ubuntu1) ...
Selecting previously unselected package python3-tz.
Preparing to unpack .../26-python3-tz_2022.1-1ubuntu0.22.04.1_all.deb ...
Unpacking python3-tz (2022.1-1ubuntu0.22.04.1) ...
Selecting previously unselected package python3-babel.
Preparing to unpack .../27-python3-babel_2.8.0+dfsg.1-7_all.deb ...
Unpacking python3-babel (2.8.0+dfsg.1-7) ...
Selecting previously unselected package python3-certifi.
Preparing to unpack .../28-python3-certifi_2020.6.20-1_all.deb ...
Unpacking python3-certifi (2020.6.20-1) ...
Selecting previously unselected package python3-chardet.
Preparing to unpack .../29-python3-chardet_4.0.0-1_all.deb ...
Unpacking python3-chardet (4.0.0-1) ...
Selecting previously unselected package python3-configobj.
Preparing to unpack .../30-python3-configobj_5.0.6-5ubuntu0.1_all.deb ...
Unpacking python3-configobj (5.0.6-5ubuntu0.1) ...
Selecting previously unselected package python3-debconf.
Preparing to unpack .../31-python3-debconf_1.5.79ubuntu1_all.deb ...
Unpacking python3-debconf (1.5.79ubuntu1) ...
Selecting previously unselected package python3-idna.
Preparing to unpack .../32-python3-idna_3.3-1ubuntu0.1_all.deb ...
Unpacking python3-idna (3.3-1ubuntu0.1) ...
Selecting previously unselected package python3-markupsafe.
Preparing to unpack .../33-python3-markupsafe_2.0.1-2build1_amd64.deb ...
Unpacking python3-markupsafe (2.0.1-2build1) ...
Selecting previously unselected package python3-jinja2.
Preparing to unpack .../34-python3-jinja2_3.0.3-1ubuntu0.4_all.deb ...
Unpacking python3-jinja2 (3.0.3-1ubuntu0.4) ...
Selecting previously unselected package python3-json-pointer.
Preparing to unpack .../35-python3-json-pointer_2.0-0ubuntu1_all.deb ...
Unpacking python3-json-pointer (2.0-0ubuntu1) ...
Selecting previously unselected package python3-jsonpatch.
Preparing to unpack .../36-python3-jsonpatch_1.32-2_all.deb ...
Unpacking python3-jsonpatch (1.32-2) ...
Selecting previously unselected package python3-pyrsistent:amd64.
Preparing to unpack .../37-python3-pyrsistent_0.18.1-1build1_amd64.deb ...
Unpacking python3-pyrsistent:amd64 (0.18.1-1build1) ...
Selecting previously unselected package python3-jsonschema.
Preparing to unpack .../38-python3-jsonschema_3.2.0-0ubuntu2_all.deb ...
Unpacking python3-jsonschema (3.2.0-0ubuntu2) ...
Selecting previously unselected package python3-requests.
Preparing to unpack .../39-python3-requests_2.25.1+dfsg-2ubuntu0.3_all.deb ...
Unpacking python3-requests (2.25.1+dfsg-2ubuntu0.3) ...
Selecting previously unselected package python3-serial.
Preparing to unpack .../40-python3-serial_3.5-1_all.deb ...
Unpacking python3-serial (3.5-1) ...
Preparing to unpack .../41-snapd_2.73+ubuntu22.04_amd64.deb ...
Unpacking snapd (2.73+ubuntu22.04) over (2.67.1+22.04) ...
Preparing to unpack .../42-systemd-hwe-hwdb_249.11.6_all.deb ...
Unpacking systemd-hwe-hwdb (249.11.6) over (249.11.5) ...
Selecting previously unselected package cloud-guest-utils.
Preparing to unpack .../43-cloud-guest-utils_0.32-22-g45fe84a5-0ubuntu1_all.deb ...
Unpacking cloud-guest-utils (0.32-22-g45fe84a5-0ubuntu1) ...
Selecting previously unselected package cloud-init.
Preparing to unpack .../44-cloud-init_25.2-0ubuntu1~22.04.1_all.deb ...
Unpacking cloud-init (25.2-0ubuntu1~22.04.1) ...
Preparing to unpack .../45-wsl-setup_0.5.8~22.04.1_amd64.deb ...
Unpacking wsl-setup (0.5.8~22.04.1) over (0.5.4~22.04) ...
Setting up powermgmt-base (1.36ubuntu0.22.04.1) ...
Setting up mysql-server-8.0 (8.0.44-0ubuntu0.22.04.2) ...
update-alternatives: error: alternative path /etc/mysql/mysql.cnf doesn't exist
dpkg: error processing package mysql-server-8.0 (--configure):
 installed mysql-server-8.0 package post-installation script subprocess returned error exit status 2
Setting up python3-attr (21.2.0-1ubuntu1) ...
Setting up libapparmor1:amd64 (3.0.4-2ubuntu2.5) ...
Setting up apt-utils (2.4.14) ...
Setting up apt-transport-https (2.4.14) ...
Setting up distro-info-data (0.52ubuntu0.11) ...
Setting up xrdp (0.9.17-2ubuntu3) ...
Setting up python3-debconf (1.5.79ubuntu1) ...
Setting up systemd (249.11-0ubuntu3.17) ...
Setting up nodejs (20.19.6-1nodesource1) ...
Setting up python3-markupsafe (2.0.1-2build1) ...
Setting up python3-tz (2022.1-1ubuntu0.22.04.1) ...
Setting up python-babel-localedata (2.8.0+dfsg.1-7) ...
Setting up python3-serial (3.5-1) ...
Setting up libdconf1:amd64 (0.40.0-3ubuntu0.1) ...
Setting up apparmor (3.0.4-2ubuntu2.5) ...
Installing new version of config file /etc/apparmor.d/abstractions/dri-enumerate ...
Installing new version of config file /etc/apparmor.d/abstractions/opencl-intel ...
Installing new version of config file /etc/apparmor.d/abstractions/opencl-nvidia ...
Installing new version of config file /etc/apparmor.d/abstractions/opencl-pocl ...
Installing new version of config file /etc/apparmor.d/abstractions/vulkan ...
Installing new version of config file /etc/apparmor.d/nvidia_modprobe ...
Installing new version of config file /etc/apparmor.d/tunables/global ...
Setting up python3-chardet (4.0.0-1) ...
Setting up python3-configobj (5.0.6-5ubuntu0.1) ...
Setting up python3-certifi (2020.6.20-1) ...
Setting up libavahi-common-data:amd64 (0.8-5ubuntu5.3) ...
Setting up systemd-timesyncd (249.11-0ubuntu3.17) ...
Setting up udev (249.11-0ubuntu3.17) ...
Setting up python3-idna (3.3-1ubuntu0.1) ...
Setting up libnm0:amd64 (1.36.6-0ubuntu2.2) ...
Setting up systemd-hwe-hwdb (249.11.6) ...
Setting up python3-pyrsistent:amd64 (0.18.1-1build1) ...
Setting up python3-json-pointer (2.0-0ubuntu1) ...
Setting up python3-update-manager (1:22.04.22) ...
Setting up libeatmydata1:amd64 (130-2build1) ...
Setting up cloud-guest-utils (0.32-22-g45fe84a5-0ubuntu1) ...
Setting up ubuntu-pro-client (37.1ubuntu0~22.04) ...
Installing new version of config file /etc/apparmor.d/ubuntu_pro_apt_news ...
Installing new version of config file /etc/apparmor.d/ubuntu_pro_esm_cache ...
dpkg: dependency problems prevent configuration of mysql-server:
 mysql-server depends on mysql-server-8.0; however:
  Package mysql-server-8.0 is not configured yet.

dpkg: error processing package mysql-server (--configure):
 dependency problems - leaving unconfigured
Setting up ubuntu-pro-client-l10n (37.1ubuntu0~22.04) ...
No apport report written because the error message indicates its a followup error from a previous failure.
           Setting up snapd (2.73+ubuntu22.04) ...
Installing new version of config file /etc/apparmor.d/usr.lib.snapd.snap-confine.real ...
Installing new version of config file /etc/profile.d/apps-bin-path.sh ...
snapd.failure.service is a disabled or a static unit not running, not starting it.
snapd.gpio-chardev-setup.target is a disabled or a static unit not running, not starting it.
snapd.snap-repair.service is a disabled or a static unit not running, not starting it.
Setting up systemd-sysv (249.11-0ubuntu3.17) ...
Setting up eatmydata (130-2build1) ...
Setting up python3-babel (2.8.0+dfsg.1-7) ...
update-alternatives: using /usr/bin/pybabel-python3 to provide /usr/bin/pybabel (pybabel) in auto mode
Setting up python3-jsonpatch (1.32-2) ...
update-alternatives: using /usr/bin/json-patch-jsondiff to provide /usr/bin/jsondiff (jsondiff) in auto mode
Setting up libavahi-common3:amd64 (0.8-5ubuntu5.3) ...
Setting up libnss-systemd:amd64 (249.11-0ubuntu3.17) ...
Setting up dconf-service (0.40.0-3ubuntu0.1) ...
Setting up python3-jinja2 (3.0.3-1ubuntu0.4) ...
Setting up python3-jsonschema (3.2.0-0ubuntu2) ...
Setting up python3-requests (2.25.1+dfsg-2ubuntu0.3) ...
Setting up libpam-systemd:amd64 (249.11-0ubuntu3.17) ...
Setting up libavahi-glib1:amd64 (0.8-5ubuntu5.3) ...
Setting up ubuntu-advantage-tools (37.1ubuntu0~22.04) ...
Setting up libavahi-core7:amd64 (0.8-5ubuntu5.3) ...
Setting up libavahi-client3:amd64 (0.8-5ubuntu5.3) ...
Setting up cloud-init (25.2-0ubuntu1~22.04.1) ...
No diversion 'diversion of /etc/init/ureadahead.conf to /etc/init/ureadahead.conf.disabled by cloud-init', none removed.
Created symlink /etc/systemd/system/cloud-init.target.wants/cloud-config.service → /lib/systemd/system/cloud-config.service.
Created symlink /etc/systemd/system/cloud-init.target.wants/cloud-final.service → /lib/systemd/system/cloud-final.service.
Created symlink /etc/systemd/system/cloud-config.target.wants/cloud-init-hotplugd.socket → /lib/systemd/system/cloud-init-hotplugd.socket.
Created symlink /etc/systemd/system/cloud-init.target.wants/cloud-init-local.service → /lib/systemd/system/cloud-init-local.service.
Created symlink /etc/systemd/system/cloud-init.target.wants/cloud-init.service → /lib/systemd/system/cloud-init.service.
Setting up dconf-gsettings-backend:amd64 (0.40.0-3ubuntu0.1) ...
Setting up update-manager-core (1:22.04.22) ...
Setting up avahi-daemon (0.8-5ubuntu5.3) ...
Setting up wsl-setup (0.5.8~22.04.1) ...
Installing new version of config file /etc/update-motd.d/99-wsl ...
Processing triggers for libglib2.0-0:amd64 (2.72.4-0ubuntu2.7) ...
Processing triggers for libc-bin (2.35-0ubuntu3.11) ...
Processing triggers for rsyslog (8.2112.0-2ubuntu2.2) ...
Processing triggers for man-db (2.10.2-1) ...
Processing triggers for dbus (1.12.20-2ubuntu4.1) ...
Processing triggers for mailcap (3.70+nmu1ubuntu1) ...
Processing triggers for desktop-file-utils (0.26-1ubuntu3) ...
Errors were encountered while processing:
 mysql-server-8.0
 mysql-server
E: Sub-process /usr/bin/dpkg returned an error code (1)
sething2002@MSI:~/TODO$ 
sething2002@MSI:~/TODO$ sudo dpkg --configure -a
Setting up mysql-server-8.0 (8.0.44-0ubuntu0.22.04.2) ...
update-alternatives: error: alternative path /etc/mysql/mysql.cnf doesn't exist
dpkg: error processing package mysql-server-8.0 (--configure):
 installed mysql-server-8.0 package post-installation script subprocess returned error exit status 2
dpkg: dependency problems prevent configuration of mysql-server:
 mysql-server depends on mysql-server-8.0; however:
  Package mysql-server-8.0 is not configured yet.

dpkg: error processing package mysql-server (--configure):
 dependency problems - leaving unconfigured
Errors were encountered while processing:
 mysql-server-8.0
 mysql-server
sething2002@MSI:~/TODO$ L# Source - https://stackoverflow.com/a
# Posted by ariefs, modified by community. See post 'Timeline' for change history
# Retriev                                     


zsh: command not found: L#

zsh: command not found: #

zsh: command not found: #
sething2002@MSI:~/TODO$ 
sething2002@MSI:~/TODO$ 
sething2002@MSI:~/TODO$ 
sething2002@MSI:~/TODO$ 
sething2002@MSI:~/TODO$ 
sething2002@MSI:~/TODO$ 
sething2002@MSI:~/TODO$ 
sething2002@MSI:~/TODO$ 
sething2002@MSI:~/TODO$ 
sething2002@MSI:~/TODO$ # Source - https://stackoverflow.com/a
# Posted by ariefs, modified by community. See post 'Timeline' for change history
# Retrieved 202                               


zsh: command not found: #


zsh: command not found: #
zsh: command not found: #
sething2002@MSI:~/TODO$ 
sething2002@MSI:~/TODO$ 
sething2002@MSI:~/TODO$ 
sething2002@MSI:~/TODO$ 
sething2002@MSI:~/TODO$ 
sething2002@MSI:~/TODO$ 
sething2002@MSI:~/TODO$ 
sething2002@MSI:~/TODO$ sudo systemctl stop mysql
sething2002@MSI:~/TODO$ sudo apt purge mysql-server mysql-client mysql-common mysql-server-core-* mysql-client-core-*

zsh: no matches found: mysql-server-core-*
sething2002@MSI:~/TODO$ sudo rm -rf /etc/mysql /var/lib/mysql /var/log/mysql

sething2002@MSI:~/TODO$ sudo apt autoremove

Reading package lists... Done
Building dependency tree... Done
Reading state information... Done
0 upgraded, 0 newly installed, 0 to remove and 0 not upgraded.
2 not fully installed or removed.
After this operation, 0 B of additional disk space will be used.
Setting up mysql-server-8.0 (8.0.44-0ubuntu0.22.04.2) ...
update-alternatives: error: alternative path /etc/mysql/mysql.cnf doesn't exist
dpkg: error processing package mysql-server-8.0 (--configure):
 installed mysql-server-8.0 package post-installation script subprocess returned error exit status 2
No apport report written because the error message indicates its a followup error from a previous failure.
           dpkg: dependency problems prevent configuration of mysql-server:
 mysql-server depends on mysql-server-8.0; however:
  Package mysql-server-8.0 is not configured yet.

dpkg: error processing package mysql-server (--configure):
 dependency problems - leaving unconfigured
Errors were encountered while processing:
 mysql-server-8.0
 mysql-server
E: Sub-process /usr/bin/dpkg returned an error code (1)
sething2002@MSI:~/TODO$ sudo apt-get remove --purge mysql-\* 

Reading package lists... Done
Building dependency tree... Done
Reading state information... Done
Note, selecting 'mysql-testsuite' for glob 'mysql-*'
Note, selecting 'mysql-server-5.5' for glob 'mysql-*'
Note, selecting 'mysql-server-5.6' for glob 'mysql-*'
Note, selecting 'mysql-server-5.7' for glob 'mysql-*'
Note, selecting 'mysql-server-8.0' for glob 'mysql-*'
Note, selecting 'mysql-client-5.5' for glob 'mysql-*'
Note, selecting 'mysql-client-5.6' for glob 'mysql-*'
Note, selecting 'mysql-client-5.7' for glob 'mysql-*'
Note, selecting 'mysql-client-8.0' for glob 'mysql-*'
Note, selecting 'mysql-common' for glob 'mysql-*'
Note, selecting 'mysql-testsuite-5.5' for glob 'mysql-*'
Note, selecting 'mysql-testsuite-5.6' for glob 'mysql-*'
Note, selecting 'mysql-testsuite-5.7' for glob 'mysql-*'
Note, selecting 'mysql-testsuite-8.0' for glob 'mysql-*'
Note, selecting 'mysql-client' for glob 'mysql-*'
Note, selecting 'mysql-router' for glob 'mysql-*'
Note, selecting 'mysql-sandbox' for glob 'mysql-*'
Note, selecting 'mysql-common-5.6' for glob 'mysql-*'
Note, selecting 'mysql-server' for glob 'mysql-*'
Note, selecting 'mysql-server-core-5.5' for glob 'mysql-*'
Note, selecting 'mysql-server-core-5.6' for glob 'mysql-*'
Note, selecting 'mysql-server-core-5.7' for glob 'mysql-*'
Note, selecting 'mysql-server-core-8.0' for glob 'mysql-*'
Note, selecting 'mysql-client-core-5.5' for glob 'mysql-*'
Note, selecting 'mysql-client-core-5.6' for glob 'mysql-*'
Note, selecting 'mysql-client-core-5.7' for glob 'mysql-*'
Note, selecting 'mysql-client-core-8.0' for glob 'mysql-*'
Note, selecting 'mysql-source-8.0' for glob 'mysql-*'
Package 'mysql-client-5.7' is not installed, so not removed
Package 'mysql-client-core-5.7' is not installed, so not removed
Note, selecting 'mysql-common' instead of 'mysql-common-5.6'
Package 'mysql-server-5.5' is not installed, so not removed
Package 'mysql-server-5.7' is not installed, so not removed
Package 'mysql-server-core-5.7' is not installed, so not removed
Package 'mysql-client-core-5.5' is not installed, so not removed
Package 'mysql-client-core-5.6' is not installed, so not removed
Package 'mysql-client-5.5' is not installed, so not removed
Package 'mysql-client-5.6' is not installed, so not removed
Package 'mysql-server-core-5.5' is not installed, so not removed
Package 'mysql-server-core-5.6' is not installed, so not removed
Package 'mysql-server-5.6' is not installed, so not removed
Package 'mysql-testsuite-5.5' is not installed, so not removed
Package 'mysql-testsuite-5.6' is not installed, so not removed
Package 'mysql-testsuite-5.7' is not installed, so not removed
Package 'mysql-sandbox' is not installed, so not removed
Package 'mysql-router' is not installed, so not removed
Package 'mysql-source-8.0' is not installed, so not removed
Package 'mysql-testsuite' is not installed, so not removed
Package 'mysql-testsuite-8.0' is not installed, so not removed
The following packages were automatically installed and are no longer required:
  libaio1 libcgi-fast-perl libcgi-pm-perl libfcgi-bin libfcgi-perl libfcgi0ldbl
  libhtml-template-perl libmecab2 libprotobuf-lite23 mecab-ipadic mecab-ipadic-utf8
  mecab-utils
Use 'sudo apt autoremove' to remove them.
The following packages will be REMOVED:
  mysql-client* mysql-client-8.0* mysql-client-core-8.0* mysql-common* mysql-server*
  mysql-server-8.0* mysql-server-core-8.0*
0 upgraded, 0 newly installed, 7 to remove and 0 not upgraded.
2 not fully installed or removed.
After this operation, 185 MB disk space will be freed.
Do you want to continue? [Y/n] Y
(Reading database ... 173855 files and directories currently installed.)
Removing mysql-server (8.0.44-0ubuntu0.22.04.2) ...
Removing mysql-server-8.0 (8.0.44-0ubuntu0.22.04.2) ...
update-alternatives: warning: alternative /etc/mysql/my.cnf.fallback (part of link group my.cnf) doesn't exist; removing from list of alternatives
update-alternatives: warning: /etc/alternatives/my.cnf is dangling; it will be updated with best choice
Removing mysql-client (8.0.44-0ubuntu0.22.04.2) ...
Removing mysql-client-8.0 (8.0.44-0ubuntu0.22.04.2) ...
Removing mysql-client-core-8.0 (8.0.44-0ubuntu0.22.04.2) ...
Removing mysql-common (5.8+1.0.8) ...
Removing mysql-server-core-8.0 (8.0.44-0ubuntu0.22.04.2) ...
Processing triggers for man-db (2.10.2-1) ...
(Reading database ... 173636 files and directories currently installed.)
Purging configuration files for mysql-server-8.0 (8.0.44-0ubuntu0.22.04.2) ...
Purging configuration files for mysql-common (5.8+1.0.8) ...
sething2002@MSI:~/TODO$ 
sething2002@MSI:~/TODO$ prep mysql 
zsh: command not found: prep
sething2002@MSI:~/TODO$  
sething2002@MSI:~/TODO$ 
sething2002@MSI:~/TODO$ 
sething2002@MSI:~/TODO$ pgrep mysql
sething2002@MSI:~/TODO$ 
sething2002@MSI:~/TODO$ sudo apt list mysql*
zsh: no matches found: mysql*
sething2002@MSI:~/TODO$ sudo apt list mysql 
Listing... Done
sething2002@MSI:~/TODO$ 
sething2002@MSI:~/TODO$ sudo apt-getinstall mysql-server mysql-client
sudo: apt-getinstall: command not found
sething2002@MSI:~/TODO$ sudo apt-get install mysql-server mysql-client
Reading package lists... Done
Building dependency tree... Done
Reading state information... Done
The following additional packages will be installed:
  mysql-client-8.0 mysql-client-core-8.0 mysql-common mysql-server-8.0 mysql-server-core-8.0
Suggested packages:
  mailx tinyca
The following NEW packages will be installed:
  mysql-client mysql-client-8.0 mysql-client-core-8.0 mysql-common mysql-server
  mysql-server-8.0 mysql-server-core-8.0
0 upgraded, 7 newly installed, 0 to remove and 0 not upgraded.
Need to get 2746 kB/21.9 MB of archives.
After this operation, 185 MB of additional disk space will be used.
Do you want to continue? [Y/n] Y
Get:1 http://archive.ubuntu.com/ubuntu jammy/main amd64 mysql-common all 5.8+1.0.8 [7212 B]
Get:2 http://archive.ubuntu.com/ubuntu jammy-updates/main amd64 mysql-client-core-8.0 amd64 8.0.44-0ubuntu0.22.04.2 [2707 kB]
Get:3 http://archive.ubuntu.com/ubuntu jammy-updates/main amd64 mysql-client-8.0 amd64 8.0.44-0ubuntu0.22.04.2 [22.6 kB]
Get:4 http://archive.ubuntu.com/ubuntu jammy-updates/main amd64 mysql-client all 8.0.44-0ubuntu0.22.04.2 [9354 B]
Fetched 2746 kB in 3s (1008 kB/s)
Preconfiguring packages ...
Selecting previously unselected package mysql-common.
(Reading database ... 173619 files and directories currently installed.)
Preparing to unpack .../mysql-common_5.8+1.0.8_all.deb ...
Unpacking mysql-common (5.8+1.0.8) ...
Selecting previously unselected package mysql-client-core-8.0.
Preparing to unpack .../mysql-client-core-8.0_8.0.44-0ubuntu0.22.04.2_amd64.deb ...
Unpacking mysql-client-core-8.0 (8.0.44-0ubuntu0.22.04.2) ...
Selecting previously unselected package mysql-client-8.0.
Preparing to unpack .../mysql-client-8.0_8.0.44-0ubuntu0.22.04.2_amd64.deb ...
Unpacking mysql-client-8.0 (8.0.44-0ubuntu0.22.04.2) ...
Selecting previously unselected package mysql-server-core-8.0.
Preparing to unpack .../mysql-server-core-8.0_8.0.44-0ubuntu0.22.04.2_amd64.deb ...
Unpacking mysql-server-core-8.0 (8.0.44-0ubuntu0.22.04.2) ...
Setting up mysql-common (5.8+1.0.8) ...
update-alternatives: using /etc/mysql/my.cnf.fallback to provide /etc/mysql/my.cnf (my.cnf) in auto mode
Selecting previously unselected package mysql-server-8.0.
(Reading database ... 173817 files and directories currently installed.)
Preparing to unpack .../mysql-server-8.0_8.0.44-0ubuntu0.22.04.2_amd64.deb ...
Unpacking mysql-server-8.0 (8.0.44-0ubuntu0.22.04.2) ...
Selecting previously unselected package mysql-client.
Preparing to unpack .../mysql-client_8.0.44-0ubuntu0.22.04.2_all.deb ...
Unpacking mysql-client (8.0.44-0ubuntu0.22.04.2) ...
Selecting previously unselected package mysql-server.
Preparing to unpack .../mysql-server_8.0.44-0ubuntu0.22.04.2_all.deb ...
Unpacking mysql-server (8.0.44-0ubuntu0.22.04.2) ...
Setting up mysql-client-core-8.0 (8.0.44-0ubuntu0.22.04.2) ...
Setting up mysql-server-core-8.0 (8.0.44-0ubuntu0.22.04.2) ...
Setting up mysql-client-8.0 (8.0.44-0ubuntu0.22.04.2) ...
Setting up mysql-server-8.0 (8.0.44-0ubuntu0.22.04.2) ...
update-alternatives: using /etc/mysql/mysql.cnf to provide /etc/mysql/my.cnf (my.cnf) in auto mode
Renaming removed key_buffer and myisam-recover options (if present)
mysqld will log errors to /var/log/mysql/error.log
mysqld is running as pid 134466
Created symlink /etc/systemd/system/multi-user.target.wants/mysql.service → /lib/systemd/system/mysql.service.
Setting up mysql-client (8.0.44-0ubuntu0.22.04.2) ...
Setting up mysql-server (8.0.44-0ubuntu0.22.04.2) ...
Processing triggers for man-db (2.10.2-1) ...
sething2002@MSI:~/TODO$ sudo apt list mysql*                          
zsh: no matches found: mysql*
sething2002@MSI:~/TODO$ sudo apt list mysql 
Listing... Done
sething2002@MSI:~/TODO$ sudo apt list mysql-server
Listing... Done
mysql-server/jammy-updates,now 8.0.44-0ubuntu0.22.04.2 all [installed]
N: There are 2 additional versions. Please use the '-a' switch to see them.
sething2002@MSI:~/TODO$ sudo apt list mysql-client
Listing... Done
mysql-client/jammy-updates,now 8.0.44-0ubuntu0.22.04.2 all [installed]
N: There are 2 additional versions. Please use the '-a' switch to see them.
sething2002@MSI:~/TODO$ 
sething2002@MSI:~/TODO$ mysql --version
mysql  Ver 8.0.44-0ubuntu0.22.04.2 for Linux on x86_64 ((Ubuntu))
sething2002@MSI:~/TODO$ 
sething2002@MSI:~/TODO$ sudo systemctl status nysqk
Unit nysqk.service could not be found.
sething2002@MSI:~/TODO$ 
sething2002@MSI:~/TODO$ sudo systemctl status mysql
● mysql.service - MySQL Community Server
     Loaded: loaded (/lib/systemd/system/mysql.service; enabled; vendor preset: enabled)
     Active: active (running) since Mon 2026-01-12 15:58:13 ACDT; 1min 26s ago
    Process: 134693 ExecStartPre=/usr/share/mysql/mysql-systemd-start pre (code=exited, status>
   Main PID: 134701 (mysqld)
     Status: "Server is operational"
      Tasks: 37 (limit: 19070)
     Memory: 351.7M
        CPU: 1.050s
     CGroup: /system.slice/mysql.service
             └─134701 /usr/sbin/mysqld

Jan 12 15:58:13 MSI systemd[1]: Starting MySQL Community Server...
Jan 12 15:58:13 MSI systemd[1]: Started MySQL Community Server.
sething2002@MSI:~/TODO$ 
sething2002@MSI:~/TODO$ 
sething2002@MSI:~/TODO$ 
sething2002@MSI:~/TODO$ 
sething2002@MSI:~/TODO$ sudo systemctl start mysql 
sething2002@MSI:~/TODO$ 
sething2002@MSI:~/TODO$ sudo mysql_secure_installation

Securing the MySQL server deployment.

Connecting to MySQL using a blank password.

VALIDATE PASSWORD COMPONENT can be used to test passwords
and improve security. It checks the strength of password
and allows the users to set only those passwords which are
secure enough. Would you like to setup VALIDATE PASSWORD component?

Press y|Y for Yes, any other key for No: n

Skipping password set for root as authentication with auth_socket is used by default.
If you would like to use password authentication instead, this can be done with the "ALTER_USER" command.
See https://dev.mysql.com/doc/refman/8.0/en/alter-user.html#alter-user-password-management for more information.

By default, a MySQL installation has an anonymous user,
allowing anyone to log into MySQL without having to have
a user account created for them. This is intended only for
testing, and to make the installation go a bit smoother.
You should remove them before moving into a production
environment.

Remove anonymous users? (Press y|Y for Yes, any other key for No) : n

 ... skipping.


Normally, root should only be allowed to connect from
'localhost'. This ensures that someone cannot guess at
the root password from the network.

Disallow root login remotely? (Press y|Y for Yes, any other key for No) : n

 ... skipping.
By default, MySQL comes with a database named 'test' that
anyone can access. This is also intended only for testing,
and should be removed before moving into a production
environment.


Remove test database and access to it? (Press y|Y for Yes, any other key for No) : n

 ... skipping.
Reloading the privilege tables will ensure that all changes
made so far will take effect immediately.

Reload privilege tables now? (Press y|Y for Yes, any other key for No) : y
Success.

All done! 
sething2002@MSI:~/TODO$ 
sething2002@MSI:~/TODO$ ls
README.md  todo-backend
sething2002@MSI:~/TODO$ 
sething2002@MSI:~/TODO$ 
sething2002@MSI:~/TODO$ 
sething2002@MSI:~/TODO$ 
sething2002@MSI:~/TODO$ 
sething2002@MSI:~/TODO$ 
sething2002@MSI:~/TODO$ sudo mysql
Welcome to the MySQL monitor.  Commands end with ; or \g.
Your MySQL connection id is 10
Server version: 8.0.44-0ubuntu0.22.04.2 (Ubuntu)

Copyright (c) 2000, 2025, Oracle and/or its affiliates.

Oracle is a registered trademark of Oracle Corporation and/or its
affiliates. Other names may be trademarks of their respective
owners.

Type 'help;' or '\h' for help. Type '\c' to clear the current input statement.

mysql> ALTER USER 'root'@'localhost' IDENTIFIED WITH mysql_native_password BY 'root';
Query OK, 0 rows affected (0.01 sec)



References: 
1. https://stackoverflow.com/questions/67564215/problems-installing-mysql-on-ubuntu-20-04
2. https://www.youtube.com/watch?v=455KKhZyvow
=================================================


sething2002@MSI:~/TODO$ sudo mysql
[sudo] password for sething2002: 
ERROR 1045 (28000): Access denied for user 'root'@'localhost' (using password: NO)
sething2002@MSI:~/TODO$ sudo mysql
ERROR 1045 (28000): Access denied for user 'root'@'localhost' (using password: NO)
sething2002@MSI:~/TODO$ sudo mysql -u root -p root